---
source: tests/integration.rs
expression: redacted
---
âœ¨ Creating worktree 'no-submodule'...
âœ… Worktree created at: /tmp/TEST_DIR/test-repo-no-submodule
  ðŸ’¡ To open it, run: xlaude open no-submodule
