---
source: tests/integration.rs
expression: redacted
---
ðŸš€ Opening worktree 'test-repo/test-append'...
[TEST MODE] Simulating prompt execution in Claude Code:
CLI argument
Piped input to append
