---
source: tests/integration.rs
expression: redacted
---
ğŸš€ Opening worktree 'test-repo/test-no-text'...
