---
source: tests/integration.rs
expression: redacted
---
ðŸš€ Opening worktree 'test-repo/test-typing'...
[TEST MODE] Simulating prompt execution in Claude Code:
Hello Claude!
