---
source: tests/integration.rs
expression: redacted
---
âœ¨ Creating worktree 'fix-bug' with branch 'fix/bug'...
âœ… Worktree created at: /tmp/TEST_DIR/test-repo-fix-bug
  ðŸ’¡ To open it, run: xlaude open fix-bug
